// Jest Snapshot v1, https://goo.gl/fbAQLP

exports[`City should match the snapshot with all data passed correctly to the City 1`] = `
ShallowWrapper {
  Symbol(enzyme.__root__): [Circular],
  Symbol(enzyme.__unrendered__): <City
    currentCity={
      Object {
        "attractions": Array [
          "Wildlife World Zoo",
          "White Tank Mountain Regional Park",
          "Westgate Arena",
          "Thunderbird Conservation Park",
        ],
        "city_image": "http://res.cloudinary.com/simpleview/image/upload/v1529338630/clients/phoenix/58468198_2b66_4f1e_8687_e26d986f678a_10c75a12-fe18-44d2-ab79-ed92fdb8ff6f.jpg",
        "name": "Glendale",
        "population": 226721,
        "state": "Arizona",
      }
    }
    currentTeam={
      Object {
        "city": "Glendale",
        "division": "NFC West",
        "name": "Arizona Cardinals",
        "state": "Arizona",
        "team_icon": "http://assets.stickpng.com/thumbs/580b585b2edbce24c47b2aff.png",
        "team_img": "https://cdn.vox-cdn.com/thumbor/M5Gx-DCa9eRAqw_aqIyuG6I2wDo=/0x0:4777x3021/1200x800/filters:focal(2094x550:2858x1314)/cdn.vox-cdn.com/uploads/chorus_image/image/62274919/usa_today_11648254.0.jpg",
      }
    }
    rotateCarousel={[MockFunction]}
    showAllTeams={[MockFunction]}
    switchPopupView={[MockFunction]}
  />,
  Symbol(enzyme.__renderer__): Object {
    "batchedUpdates": [Function],
    "getNode": [Function],
    "render": [Function],
    "simulateError": [Function],
    "simulateEvent": [Function],
    "unmount": [Function],
  },
  Symbol(enzyme.__node__): Object {
    "instance": null,
    "key": undefined,
    "nodeType": "host",
    "props": Object {
      "children": Array [
        <img
          alt="icon"
          className="x-icon"
          onClick={[MockFunction]}
          src="xIcon.svg"
        />,
        <img
          alt="city"
          className="card-img"
          src="http://res.cloudinary.com/simpleview/image/upload/v1529338630/clients/phoenix/58468198_2b66_4f1e_8687_e26d986f678a_10c75a12-fe18-44d2-ab79-ed92fdb8ff6f.jpg"
        />,
        <h2>
          Glendale
          , 
          Arizona
        </h2>,
        <h2>
          Population: 
          226721
        </h2>,
        Array [
          <h2
            className="google-link"
          >
            <a
              href="https://google.com/search?q=Wildlife%20World%20Zoo"
              rel="noopener noreferrer"
              target="_blank"
            >
              Wildlife World Zoo
            </a>
          </h2>,
          <h2
            className="google-link"
          >
            <a
              href="https://google.com/search?q=White%20Tank%20Mountain%20Regional%20Park"
              rel="noopener noreferrer"
              target="_blank"
            >
              White Tank Mountain Regional Park
            </a>
          </h2>,
          <h2
            className="google-link"
          >
            <a
              href="https://google.com/search?q=Westgate%20Arena"
              rel="noopener noreferrer"
              target="_blank"
            >
              Westgate Arena
            </a>
          </h2>,
          <h2
            className="google-link"
          >
            <a
              href="https://google.com/search?q=Thunderbird%20Conservation%20Park"
              rel="noopener noreferrer"
              target="_blank"
            >
              Thunderbird Conservation Park
            </a>
          </h2>,
        ],
        <button
          className="card-btn"
          onClick={[MockFunction]}
        >
          Show Team Info
        </button>,
        <h1
          className="left-caret caret"
          onClick={[MockFunction]}
        >
          «
        </h1>,
        <h1
          className="right-caret caret"
          onClick={[MockFunction]}
        >
          »
        </h1>,
      ],
      "className": "card",
    },
    "ref": null,
    "rendered": Array [
      Object {
        "instance": null,
        "key": undefined,
        "nodeType": "host",
        "props": Object {
          "alt": "icon",
          "className": "x-icon",
          "onClick": [MockFunction],
          "src": "xIcon.svg",
        },
        "ref": null,
        "rendered": null,
        "type": "img",
      },
      Object {
        "instance": null,
        "key": undefined,
        "nodeType": "host",
        "props": Object {
          "alt": "city",
          "className": "card-img",
          "src": "http://res.cloudinary.com/simpleview/image/upload/v1529338630/clients/phoenix/58468198_2b66_4f1e_8687_e26d986f678a_10c75a12-fe18-44d2-ab79-ed92fdb8ff6f.jpg",
        },
        "ref": null,
        "rendered": null,
        "type": "img",
      },
      Object {
        "instance": null,
        "key": undefined,
        "nodeType": "host",
        "props": Object {
          "children": Array [
            "Glendale",
            ", ",
            "Arizona",
          ],
        },
        "ref": null,
        "rendered": Array [
          "Glendale",
          ", ",
          "Arizona",
        ],
        "type": "h2",
      },
      Object {
        "instance": null,
        "key": undefined,
        "nodeType": "host",
        "props": Object {
          "children": Array [
            "Population: ",
            226721,
          ],
        },
        "ref": null,
        "rendered": Array [
          "Population: ",
          226721,
        ],
        "type": "h2",
      },
      Object {
        "instance": null,
        "key": "Wildlife World Zoo",
        "nodeType": "host",
        "props": Object {
          "children": <a
            href="https://google.com/search?q=Wildlife%20World%20Zoo"
            rel="noopener noreferrer"
            target="_blank"
          >
            Wildlife World Zoo
          </a>,
          "className": "google-link",
        },
        "ref": null,
        "rendered": Object {
          "instance": null,
          "key": undefined,
          "nodeType": "host",
          "props": Object {
            "children": "Wildlife World Zoo",
            "href": "https://google.com/search?q=Wildlife%20World%20Zoo",
            "rel": "noopener noreferrer",
            "target": "_blank",
          },
          "ref": null,
          "rendered": "Wildlife World Zoo",
          "type": "a",
        },
        "type": "h2",
      },
      Object {
        "instance": null,
        "key": "White Tank Mountain Regional Park",
        "nodeType": "host",
        "props": Object {
          "children": <a
            href="https://google.com/search?q=White%20Tank%20Mountain%20Regional%20Park"
            rel="noopener noreferrer"
            target="_blank"
          >
            White Tank Mountain Regional Park
          </a>,
          "className": "google-link",
        },
        "ref": null,
        "rendered": Object {
          "instance": null,
          "key": undefined,
          "nodeType": "host",
          "props": Object {
            "children": "White Tank Mountain Regional Park",
            "href": "https://google.com/search?q=White%20Tank%20Mountain%20Regional%20Park",
            "rel": "noopener noreferrer",
            "target": "_blank",
          },
          "ref": null,
          "rendered": "White Tank Mountain Regional Park",
          "type": "a",
        },
        "type": "h2",
      },
      Object {
        "instance": null,
        "key": "Westgate Arena",
        "nodeType": "host",
        "props": Object {
          "children": <a
            href="https://google.com/search?q=Westgate%20Arena"
            rel="noopener noreferrer"
            target="_blank"
          >
            Westgate Arena
          </a>,
          "className": "google-link",
        },
        "ref": null,
        "rendered": Object {
          "instance": null,
          "key": undefined,
          "nodeType": "host",
          "props": Object {
            "children": "Westgate Arena",
            "href": "https://google.com/search?q=Westgate%20Arena",
            "rel": "noopener noreferrer",
            "target": "_blank",
          },
          "ref": null,
          "rendered": "Westgate Arena",
          "type": "a",
        },
        "type": "h2",
      },
      Object {
        "instance": null,
        "key": "Thunderbird Conservation Park",
        "nodeType": "host",
        "props": Object {
          "children": <a
            href="https://google.com/search?q=Thunderbird%20Conservation%20Park"
            rel="noopener noreferrer"
            target="_blank"
          >
            Thunderbird Conservation Park
          </a>,
          "className": "google-link",
        },
        "ref": null,
        "rendered": Object {
          "instance": null,
          "key": undefined,
          "nodeType": "host",
          "props": Object {
            "children": "Thunderbird Conservation Park",
            "href": "https://google.com/search?q=Thunderbird%20Conservation%20Park",
            "rel": "noopener noreferrer",
            "target": "_blank",
          },
          "ref": null,
          "rendered": "Thunderbird Conservation Park",
          "type": "a",
        },
        "type": "h2",
      },
      Object {
        "instance": null,
        "key": undefined,
        "nodeType": "host",
        "props": Object {
          "children": "Show Team Info",
          "className": "card-btn",
          "onClick": [MockFunction],
        },
        "ref": null,
        "rendered": "Show Team Info",
        "type": "button",
      },
      Object {
        "instance": null,
        "key": undefined,
        "nodeType": "host",
        "props": Object {
          "children": "«",
          "className": "left-caret caret",
          "onClick": [MockFunction],
        },
        "ref": null,
        "rendered": "«",
        "type": "h1",
      },
      Object {
        "instance": null,
        "key": undefined,
        "nodeType": "host",
        "props": Object {
          "children": "»",
          "className": "right-caret caret",
          "onClick": [MockFunction],
        },
        "ref": null,
        "rendered": "»",
        "type": "h1",
      },
    ],
    "type": "div",
  },
  Symbol(enzyme.__nodes__): Array [
    Object {
      "instance": null,
      "key": undefined,
      "nodeType": "host",
      "props": Object {
        "children": Array [
          <img
            alt="icon"
            className="x-icon"
            onClick={[MockFunction]}
            src="xIcon.svg"
          />,
          <img
            alt="city"
            className="card-img"
            src="http://res.cloudinary.com/simpleview/image/upload/v1529338630/clients/phoenix/58468198_2b66_4f1e_8687_e26d986f678a_10c75a12-fe18-44d2-ab79-ed92fdb8ff6f.jpg"
          />,
          <h2>
            Glendale
            , 
            Arizona
          </h2>,
          <h2>
            Population: 
            226721
          </h2>,
          Array [
            <h2
              className="google-link"
            >
              <a
                href="https://google.com/search?q=Wildlife%20World%20Zoo"
                rel="noopener noreferrer"
                target="_blank"
              >
                Wildlife World Zoo
              </a>
            </h2>,
            <h2
              className="google-link"
            >
              <a
                href="https://google.com/search?q=White%20Tank%20Mountain%20Regional%20Park"
                rel="noopener noreferrer"
                target="_blank"
              >
                White Tank Mountain Regional Park
              </a>
            </h2>,
            <h2
              className="google-link"
            >
              <a
                href="https://google.com/search?q=Westgate%20Arena"
                rel="noopener noreferrer"
                target="_blank"
              >
                Westgate Arena
              </a>
            </h2>,
            <h2
              className="google-link"
            >
              <a
                href="https://google.com/search?q=Thunderbird%20Conservation%20Park"
                rel="noopener noreferrer"
                target="_blank"
              >
                Thunderbird Conservation Park
              </a>
            </h2>,
          ],
          <button
            className="card-btn"
            onClick={[MockFunction]}
          >
            Show Team Info
          </button>,
          <h1
            className="left-caret caret"
            onClick={[MockFunction]}
          >
            «
          </h1>,
          <h1
            className="right-caret caret"
            onClick={[MockFunction]}
          >
            »
          </h1>,
        ],
        "className": "card",
      },
      "ref": null,
      "rendered": Array [
        Object {
          "instance": null,
          "key": undefined,
          "nodeType": "host",
          "props": Object {
            "alt": "icon",
            "className": "x-icon",
            "onClick": [MockFunction],
            "src": "xIcon.svg",
          },
          "ref": null,
          "rendered": null,
          "type": "img",
        },
        Object {
          "instance": null,
          "key": undefined,
          "nodeType": "host",
          "props": Object {
            "alt": "city",
            "className": "card-img",
            "src": "http://res.cloudinary.com/simpleview/image/upload/v1529338630/clients/phoenix/58468198_2b66_4f1e_8687_e26d986f678a_10c75a12-fe18-44d2-ab79-ed92fdb8ff6f.jpg",
          },
          "ref": null,
          "rendered": null,
          "type": "img",
        },
        Object {
          "instance": null,
          "key": undefined,
          "nodeType": "host",
          "props": Object {
            "children": Array [
              "Glendale",
              ", ",
              "Arizona",
            ],
          },
          "ref": null,
          "rendered": Array [
            "Glendale",
            ", ",
            "Arizona",
          ],
          "type": "h2",
        },
        Object {
          "instance": null,
          "key": undefined,
          "nodeType": "host",
          "props": Object {
            "children": Array [
              "Population: ",
              226721,
            ],
          },
          "ref": null,
          "rendered": Array [
            "Population: ",
            226721,
          ],
          "type": "h2",
        },
        Object {
          "instance": null,
          "key": "Wildlife World Zoo",
          "nodeType": "host",
          "props": Object {
            "children": <a
              href="https://google.com/search?q=Wildlife%20World%20Zoo"
              rel="noopener noreferrer"
              target="_blank"
            >
              Wildlife World Zoo
            </a>,
            "className": "google-link",
          },
          "ref": null,
          "rendered": Object {
            "instance": null,
            "key": undefined,
            "nodeType": "host",
            "props": Object {
              "children": "Wildlife World Zoo",
              "href": "https://google.com/search?q=Wildlife%20World%20Zoo",
              "rel": "noopener noreferrer",
              "target": "_blank",
            },
            "ref": null,
            "rendered": "Wildlife World Zoo",
            "type": "a",
          },
          "type": "h2",
        },
        Object {
          "instance": null,
          "key": "White Tank Mountain Regional Park",
          "nodeType": "host",
          "props": Object {
            "children": <a
              href="https://google.com/search?q=White%20Tank%20Mountain%20Regional%20Park"
              rel="noopener noreferrer"
              target="_blank"
            >
              White Tank Mountain Regional Park
            </a>,
            "className": "google-link",
          },
          "ref": null,
          "rendered": Object {
            "instance": null,
            "key": undefined,
            "nodeType": "host",
            "props": Object {
              "children": "White Tank Mountain Regional Park",
              "href": "https://google.com/search?q=White%20Tank%20Mountain%20Regional%20Park",
              "rel": "noopener noreferrer",
              "target": "_blank",
            },
            "ref": null,
            "rendered": "White Tank Mountain Regional Park",
            "type": "a",
          },
          "type": "h2",
        },
        Object {
          "instance": null,
          "key": "Westgate Arena",
          "nodeType": "host",
          "props": Object {
            "children": <a
              href="https://google.com/search?q=Westgate%20Arena"
              rel="noopener noreferrer"
              target="_blank"
            >
              Westgate Arena
            </a>,
            "className": "google-link",
          },
          "ref": null,
          "rendered": Object {
            "instance": null,
            "key": undefined,
            "nodeType": "host",
            "props": Object {
              "children": "Westgate Arena",
              "href": "https://google.com/search?q=Westgate%20Arena",
              "rel": "noopener noreferrer",
              "target": "_blank",
            },
            "ref": null,
            "rendered": "Westgate Arena",
            "type": "a",
          },
          "type": "h2",
        },
        Object {
          "instance": null,
          "key": "Thunderbird Conservation Park",
          "nodeType": "host",
          "props": Object {
            "children": <a
              href="https://google.com/search?q=Thunderbird%20Conservation%20Park"
              rel="noopener noreferrer"
              target="_blank"
            >
              Thunderbird Conservation Park
            </a>,
            "className": "google-link",
          },
          "ref": null,
          "rendered": Object {
            "instance": null,
            "key": undefined,
            "nodeType": "host",
            "props": Object {
              "children": "Thunderbird Conservation Park",
              "href": "https://google.com/search?q=Thunderbird%20Conservation%20Park",
              "rel": "noopener noreferrer",
              "target": "_blank",
            },
            "ref": null,
            "rendered": "Thunderbird Conservation Park",
            "type": "a",
          },
          "type": "h2",
        },
        Object {
          "instance": null,
          "key": undefined,
          "nodeType": "host",
          "props": Object {
            "children": "Show Team Info",
            "className": "card-btn",
            "onClick": [MockFunction],
          },
          "ref": null,
          "rendered": "Show Team Info",
          "type": "button",
        },
        Object {
          "instance": null,
          "key": undefined,
          "nodeType": "host",
          "props": Object {
            "children": "«",
            "className": "left-caret caret",
            "onClick": [MockFunction],
          },
          "ref": null,
          "rendered": "«",
          "type": "h1",
        },
        Object {
          "instance": null,
          "key": undefined,
          "nodeType": "host",
          "props": Object {
            "children": "»",
            "className": "right-caret caret",
            "onClick": [MockFunction],
          },
          "ref": null,
          "rendered": "»",
          "type": "h1",
        },
      ],
      "type": "div",
    },
  ],
  Symbol(enzyme.__options__): Object {
    "adapter": ReactSixteenAdapter {
      "options": Object {
        "enableComponentDidUpdateOnSetState": true,
        "lifecycles": Object {
          "componentDidUpdate": Object {
            "onSetState": true,
          },
          "getDerivedStateFromProps": true,
          "getSnapshotBeforeUpdate": true,
          "setState": Object {
            "skipsComponentDidUpdateOnNullish": true,
          },
        },
      },
    },
  },
}
`;
