// Jest Snapshot v1, https://goo.gl/fbAQLP

exports[`Nav should match the snapshot with all data passed correctly to the Nav 1`] = `
ShallowWrapper {
  Symbol(enzyme.__root__): [Circular],
  Symbol(enzyme.__unrendered__): <Nav
    findSearchedTeam={[MockFunction]}
    findSelectedDivision={[MockFunction]}
  />,
  Symbol(enzyme.__renderer__): Object {
    "batchedUpdates": [Function],
    "getNode": [Function],
    "render": [Function],
    "simulateError": [Function],
    "simulateEvent": [Function],
    "unmount": [Function],
  },
  Symbol(enzyme.__node__): Object {
    "instance": null,
    "key": undefined,
    "nodeType": "host",
    "props": Object {
      "children": <form
        action="#"
      >
        <input
          className="search-input"
          onChange={[Function]}
          placeholder="Enter team name"
          type="text"
        />
        <label
          htmlFor="division-select"
        >
          -- OR --
        </label>
        <select
          id="division-select"
          onChange={[Function]}
          value="init"
        >
          <option
            className="hello"
            disabled={true}
            value="init"
          >
            Select a Division: 
          </option>
          <option
            value="all"
          >
            Show All
          </option>
          <option
            disabled={true}
          />
          <option
            value="AFC"
          >
            AFC Conference
          </option>
          <option
            value="AFC North"
          >
            AFC North
          </option>
          <option
            value="AFC East"
          >
            AFC East
          </option>
          <option
            value="AFC South"
          >
            AFC South
          </option>
          <option
            value="AFC West"
          >
            AFC West
          </option>
          <option
            disabled={true}
          />
          <option
            value="NFC"
          >
            NFC Conference
          </option>
          <option
            value="NFC North"
          >
            NFC North
          </option>
          <option
            value="NFC East"
          >
            NFC East
          </option>
          <option
            value="NFC South"
          >
            NFC South
          </option>
          <option
            value="NFC West"
          >
            NFC West
          </option>
        </select>
      </form>,
      "className": "nav-area",
    },
    "ref": null,
    "rendered": Object {
      "instance": null,
      "key": undefined,
      "nodeType": "host",
      "props": Object {
        "action": "#",
        "children": Array [
          <input
            className="search-input"
            onChange={[Function]}
            placeholder="Enter team name"
            type="text"
          />,
          <label
            htmlFor="division-select"
          >
            -- OR --
          </label>,
          <select
            id="division-select"
            onChange={[Function]}
            value="init"
          >
            <option
              className="hello"
              disabled={true}
              value="init"
            >
              Select a Division: 
            </option>
            <option
              value="all"
            >
              Show All
            </option>
            <option
              disabled={true}
            />
            <option
              value="AFC"
            >
              AFC Conference
            </option>
            <option
              value="AFC North"
            >
              AFC North
            </option>
            <option
              value="AFC East"
            >
              AFC East
            </option>
            <option
              value="AFC South"
            >
              AFC South
            </option>
            <option
              value="AFC West"
            >
              AFC West
            </option>
            <option
              disabled={true}
            />
            <option
              value="NFC"
            >
              NFC Conference
            </option>
            <option
              value="NFC North"
            >
              NFC North
            </option>
            <option
              value="NFC East"
            >
              NFC East
            </option>
            <option
              value="NFC South"
            >
              NFC South
            </option>
            <option
              value="NFC West"
            >
              NFC West
            </option>
          </select>,
        ],
      },
      "ref": null,
      "rendered": Array [
        Object {
          "instance": null,
          "key": undefined,
          "nodeType": "host",
          "props": Object {
            "className": "search-input",
            "onChange": [Function],
            "placeholder": "Enter team name",
            "type": "text",
          },
          "ref": null,
          "rendered": null,
          "type": "input",
        },
        Object {
          "instance": null,
          "key": undefined,
          "nodeType": "host",
          "props": Object {
            "children": "-- OR --",
            "htmlFor": "division-select",
          },
          "ref": null,
          "rendered": "-- OR --",
          "type": "label",
        },
        Object {
          "instance": null,
          "key": undefined,
          "nodeType": "host",
          "props": Object {
            "children": Array [
              <option
                className="hello"
                disabled={true}
                value="init"
              >
                Select a Division: 
              </option>,
              <option
                value="all"
              >
                Show All
              </option>,
              <option
                disabled={true}
              />,
              <option
                value="AFC"
              >
                AFC Conference
              </option>,
              <option
                value="AFC North"
              >
                AFC North
              </option>,
              <option
                value="AFC East"
              >
                AFC East
              </option>,
              <option
                value="AFC South"
              >
                AFC South
              </option>,
              <option
                value="AFC West"
              >
                AFC West
              </option>,
              <option
                disabled={true}
              />,
              <option
                value="NFC"
              >
                NFC Conference
              </option>,
              <option
                value="NFC North"
              >
                NFC North
              </option>,
              <option
                value="NFC East"
              >
                NFC East
              </option>,
              <option
                value="NFC South"
              >
                NFC South
              </option>,
              <option
                value="NFC West"
              >
                NFC West
              </option>,
            ],
            "id": "division-select",
            "onChange": [Function],
            "value": "init",
          },
          "ref": null,
          "rendered": Array [
            Object {
              "instance": null,
              "key": undefined,
              "nodeType": "host",
              "props": Object {
                "children": "Select a Division: ",
                "className": "hello",
                "disabled": true,
                "value": "init",
              },
              "ref": null,
              "rendered": "Select a Division: ",
              "type": "option",
            },
            Object {
              "instance": null,
              "key": undefined,
              "nodeType": "host",
              "props": Object {
                "children": "Show All",
                "value": "all",
              },
              "ref": null,
              "rendered": "Show All",
              "type": "option",
            },
            Object {
              "instance": null,
              "key": undefined,
              "nodeType": "host",
              "props": Object {
                "disabled": true,
              },
              "ref": null,
              "rendered": null,
              "type": "option",
            },
            Object {
              "instance": null,
              "key": undefined,
              "nodeType": "host",
              "props": Object {
                "children": "AFC Conference",
                "value": "AFC",
              },
              "ref": null,
              "rendered": "AFC Conference",
              "type": "option",
            },
            Object {
              "instance": null,
              "key": undefined,
              "nodeType": "host",
              "props": Object {
                "children": "AFC North",
                "value": "AFC North",
              },
              "ref": null,
              "rendered": "AFC North",
              "type": "option",
            },
            Object {
              "instance": null,
              "key": undefined,
              "nodeType": "host",
              "props": Object {
                "children": "AFC East",
                "value": "AFC East",
              },
              "ref": null,
              "rendered": "AFC East",
              "type": "option",
            },
            Object {
              "instance": null,
              "key": undefined,
              "nodeType": "host",
              "props": Object {
                "children": "AFC South",
                "value": "AFC South",
              },
              "ref": null,
              "rendered": "AFC South",
              "type": "option",
            },
            Object {
              "instance": null,
              "key": undefined,
              "nodeType": "host",
              "props": Object {
                "children": "AFC West",
                "value": "AFC West",
              },
              "ref": null,
              "rendered": "AFC West",
              "type": "option",
            },
            Object {
              "instance": null,
              "key": undefined,
              "nodeType": "host",
              "props": Object {
                "disabled": true,
              },
              "ref": null,
              "rendered": null,
              "type": "option",
            },
            Object {
              "instance": null,
              "key": undefined,
              "nodeType": "host",
              "props": Object {
                "children": "NFC Conference",
                "value": "NFC",
              },
              "ref": null,
              "rendered": "NFC Conference",
              "type": "option",
            },
            Object {
              "instance": null,
              "key": undefined,
              "nodeType": "host",
              "props": Object {
                "children": "NFC North",
                "value": "NFC North",
              },
              "ref": null,
              "rendered": "NFC North",
              "type": "option",
            },
            Object {
              "instance": null,
              "key": undefined,
              "nodeType": "host",
              "props": Object {
                "children": "NFC East",
                "value": "NFC East",
              },
              "ref": null,
              "rendered": "NFC East",
              "type": "option",
            },
            Object {
              "instance": null,
              "key": undefined,
              "nodeType": "host",
              "props": Object {
                "children": "NFC South",
                "value": "NFC South",
              },
              "ref": null,
              "rendered": "NFC South",
              "type": "option",
            },
            Object {
              "instance": null,
              "key": undefined,
              "nodeType": "host",
              "props": Object {
                "children": "NFC West",
                "value": "NFC West",
              },
              "ref": null,
              "rendered": "NFC West",
              "type": "option",
            },
          ],
          "type": "select",
        },
      ],
      "type": "form",
    },
    "type": "nav",
  },
  Symbol(enzyme.__nodes__): Array [
    Object {
      "instance": null,
      "key": undefined,
      "nodeType": "host",
      "props": Object {
        "children": <form
          action="#"
        >
          <input
            className="search-input"
            onChange={[Function]}
            placeholder="Enter team name"
            type="text"
          />
          <label
            htmlFor="division-select"
          >
            -- OR --
          </label>
          <select
            id="division-select"
            onChange={[Function]}
            value="init"
          >
            <option
              className="hello"
              disabled={true}
              value="init"
            >
              Select a Division: 
            </option>
            <option
              value="all"
            >
              Show All
            </option>
            <option
              disabled={true}
            />
            <option
              value="AFC"
            >
              AFC Conference
            </option>
            <option
              value="AFC North"
            >
              AFC North
            </option>
            <option
              value="AFC East"
            >
              AFC East
            </option>
            <option
              value="AFC South"
            >
              AFC South
            </option>
            <option
              value="AFC West"
            >
              AFC West
            </option>
            <option
              disabled={true}
            />
            <option
              value="NFC"
            >
              NFC Conference
            </option>
            <option
              value="NFC North"
            >
              NFC North
            </option>
            <option
              value="NFC East"
            >
              NFC East
            </option>
            <option
              value="NFC South"
            >
              NFC South
            </option>
            <option
              value="NFC West"
            >
              NFC West
            </option>
          </select>
        </form>,
        "className": "nav-area",
      },
      "ref": null,
      "rendered": Object {
        "instance": null,
        "key": undefined,
        "nodeType": "host",
        "props": Object {
          "action": "#",
          "children": Array [
            <input
              className="search-input"
              onChange={[Function]}
              placeholder="Enter team name"
              type="text"
            />,
            <label
              htmlFor="division-select"
            >
              -- OR --
            </label>,
            <select
              id="division-select"
              onChange={[Function]}
              value="init"
            >
              <option
                className="hello"
                disabled={true}
                value="init"
              >
                Select a Division: 
              </option>
              <option
                value="all"
              >
                Show All
              </option>
              <option
                disabled={true}
              />
              <option
                value="AFC"
              >
                AFC Conference
              </option>
              <option
                value="AFC North"
              >
                AFC North
              </option>
              <option
                value="AFC East"
              >
                AFC East
              </option>
              <option
                value="AFC South"
              >
                AFC South
              </option>
              <option
                value="AFC West"
              >
                AFC West
              </option>
              <option
                disabled={true}
              />
              <option
                value="NFC"
              >
                NFC Conference
              </option>
              <option
                value="NFC North"
              >
                NFC North
              </option>
              <option
                value="NFC East"
              >
                NFC East
              </option>
              <option
                value="NFC South"
              >
                NFC South
              </option>
              <option
                value="NFC West"
              >
                NFC West
              </option>
            </select>,
          ],
        },
        "ref": null,
        "rendered": Array [
          Object {
            "instance": null,
            "key": undefined,
            "nodeType": "host",
            "props": Object {
              "className": "search-input",
              "onChange": [Function],
              "placeholder": "Enter team name",
              "type": "text",
            },
            "ref": null,
            "rendered": null,
            "type": "input",
          },
          Object {
            "instance": null,
            "key": undefined,
            "nodeType": "host",
            "props": Object {
              "children": "-- OR --",
              "htmlFor": "division-select",
            },
            "ref": null,
            "rendered": "-- OR --",
            "type": "label",
          },
          Object {
            "instance": null,
            "key": undefined,
            "nodeType": "host",
            "props": Object {
              "children": Array [
                <option
                  className="hello"
                  disabled={true}
                  value="init"
                >
                  Select a Division: 
                </option>,
                <option
                  value="all"
                >
                  Show All
                </option>,
                <option
                  disabled={true}
                />,
                <option
                  value="AFC"
                >
                  AFC Conference
                </option>,
                <option
                  value="AFC North"
                >
                  AFC North
                </option>,
                <option
                  value="AFC East"
                >
                  AFC East
                </option>,
                <option
                  value="AFC South"
                >
                  AFC South
                </option>,
                <option
                  value="AFC West"
                >
                  AFC West
                </option>,
                <option
                  disabled={true}
                />,
                <option
                  value="NFC"
                >
                  NFC Conference
                </option>,
                <option
                  value="NFC North"
                >
                  NFC North
                </option>,
                <option
                  value="NFC East"
                >
                  NFC East
                </option>,
                <option
                  value="NFC South"
                >
                  NFC South
                </option>,
                <option
                  value="NFC West"
                >
                  NFC West
                </option>,
              ],
              "id": "division-select",
              "onChange": [Function],
              "value": "init",
            },
            "ref": null,
            "rendered": Array [
              Object {
                "instance": null,
                "key": undefined,
                "nodeType": "host",
                "props": Object {
                  "children": "Select a Division: ",
                  "className": "hello",
                  "disabled": true,
                  "value": "init",
                },
                "ref": null,
                "rendered": "Select a Division: ",
                "type": "option",
              },
              Object {
                "instance": null,
                "key": undefined,
                "nodeType": "host",
                "props": Object {
                  "children": "Show All",
                  "value": "all",
                },
                "ref": null,
                "rendered": "Show All",
                "type": "option",
              },
              Object {
                "instance": null,
                "key": undefined,
                "nodeType": "host",
                "props": Object {
                  "disabled": true,
                },
                "ref": null,
                "rendered": null,
                "type": "option",
              },
              Object {
                "instance": null,
                "key": undefined,
                "nodeType": "host",
                "props": Object {
                  "children": "AFC Conference",
                  "value": "AFC",
                },
                "ref": null,
                "rendered": "AFC Conference",
                "type": "option",
              },
              Object {
                "instance": null,
                "key": undefined,
                "nodeType": "host",
                "props": Object {
                  "children": "AFC North",
                  "value": "AFC North",
                },
                "ref": null,
                "rendered": "AFC North",
                "type": "option",
              },
              Object {
                "instance": null,
                "key": undefined,
                "nodeType": "host",
                "props": Object {
                  "children": "AFC East",
                  "value": "AFC East",
                },
                "ref": null,
                "rendered": "AFC East",
                "type": "option",
              },
              Object {
                "instance": null,
                "key": undefined,
                "nodeType": "host",
                "props": Object {
                  "children": "AFC South",
                  "value": "AFC South",
                },
                "ref": null,
                "rendered": "AFC South",
                "type": "option",
              },
              Object {
                "instance": null,
                "key": undefined,
                "nodeType": "host",
                "props": Object {
                  "children": "AFC West",
                  "value": "AFC West",
                },
                "ref": null,
                "rendered": "AFC West",
                "type": "option",
              },
              Object {
                "instance": null,
                "key": undefined,
                "nodeType": "host",
                "props": Object {
                  "disabled": true,
                },
                "ref": null,
                "rendered": null,
                "type": "option",
              },
              Object {
                "instance": null,
                "key": undefined,
                "nodeType": "host",
                "props": Object {
                  "children": "NFC Conference",
                  "value": "NFC",
                },
                "ref": null,
                "rendered": "NFC Conference",
                "type": "option",
              },
              Object {
                "instance": null,
                "key": undefined,
                "nodeType": "host",
                "props": Object {
                  "children": "NFC North",
                  "value": "NFC North",
                },
                "ref": null,
                "rendered": "NFC North",
                "type": "option",
              },
              Object {
                "instance": null,
                "key": undefined,
                "nodeType": "host",
                "props": Object {
                  "children": "NFC East",
                  "value": "NFC East",
                },
                "ref": null,
                "rendered": "NFC East",
                "type": "option",
              },
              Object {
                "instance": null,
                "key": undefined,
                "nodeType": "host",
                "props": Object {
                  "children": "NFC South",
                  "value": "NFC South",
                },
                "ref": null,
                "rendered": "NFC South",
                "type": "option",
              },
              Object {
                "instance": null,
                "key": undefined,
                "nodeType": "host",
                "props": Object {
                  "children": "NFC West",
                  "value": "NFC West",
                },
                "ref": null,
                "rendered": "NFC West",
                "type": "option",
              },
            ],
            "type": "select",
          },
        ],
        "type": "form",
      },
      "type": "nav",
    },
  ],
  Symbol(enzyme.__options__): Object {
    "adapter": ReactSixteenAdapter {
      "options": Object {
        "enableComponentDidUpdateOnSetState": true,
        "lifecycles": Object {
          "componentDidUpdate": Object {
            "onSetState": true,
          },
          "getDerivedStateFromProps": true,
          "getSnapshotBeforeUpdate": true,
          "setState": Object {
            "skipsComponentDidUpdateOnNullish": true,
          },
        },
      },
    },
  },
}
`;
