// Jest Snapshot v1, https://goo.gl/fbAQLP

exports[`Card should match the snapshot with all data passed correctly to the card 1`] = `
ShallowWrapper {
  Symbol(enzyme.__root__): [Circular],
  Symbol(enzyme.__unrendered__): <Card
    cities={
      Array [
        Object {
          "attractions": Array [
            "Wildlife World Zoo",
            "White Tank Mountain Regional Park",
            "Westgate Arena",
            "Thunderbird Conservation Park",
          ],
          "city_image": "http://res.cloudinary.com/simpleview/image/upload/v1529338630/clients/phoenix/58468198_2b66_4f1e_8687_e26d986f678a_10c75a12-fe18-44d2-ab79-ed92fdb8ff6f.jpg",
          "name": "Glendale",
          "population": 226721,
          "state": "Arizona",
        },
      ]
    }
    clickedIndex={0}
    nflTeams={
      Array [
        Object {
          "city": "Glendale",
          "division": "NFC West",
          "name": "Arizona Cardinals",
          "state": "Arizona",
          "team_icon": "http://assets.stickpng.com/thumbs/580b585b2edbce24c47b2aff.png",
          "team_img": "https://cdn.vox-cdn.com/thumbor/M5Gx-DCa9eRAqw_aqIyuG6I2wDo=/0x0:4777x3021/1200x800/filters:focal(2094x550:2858x1314)/cdn.vox-cdn.com/uploads/chorus_image/image/62274919/usa_today_11648254.0.jpg",
        },
      ]
    }
    toggleCardView={[MockFunction]}
  />,
  Symbol(enzyme.__renderer__): Object {
    "batchedUpdates": [Function],
    "getNode": [Function],
    "render": [Function],
    "simulateError": [Function],
    "simulateEvent": [Function],
    "unmount": [Function],
  },
  Symbol(enzyme.__node__): Object {
    "instance": null,
    "key": undefined,
    "nodeType": "host",
    "props": Object {
      "children": Array [
        <h1
          onClick={[MockFunction]}
        >
          Click here to return
        </h1>,
        <img
          alt="NFL team"
          src="https://cdn.vox-cdn.com/thumbor/M5Gx-DCa9eRAqw_aqIyuG6I2wDo=/0x0:4777x3021/1200x800/filters:focal(2094x550:2858x1314)/cdn.vox-cdn.com/uploads/chorus_image/image/62274919/usa_today_11648254.0.jpg"
        />,
        <h2>
          Arizona Cardinals
        </h2>,
        <h2>
          Glendale
          , 
          Arizona
        </h2>,
        <h2>
          NFC West
        </h2>,
        <button
          onClick={[Function]}
        >
          Show City Info
        </button>,
      ],
    },
    "ref": null,
    "rendered": Array [
      Object {
        "instance": null,
        "key": undefined,
        "nodeType": "host",
        "props": Object {
          "children": "Click here to return",
          "onClick": [MockFunction],
        },
        "ref": null,
        "rendered": "Click here to return",
        "type": "h1",
      },
      Object {
        "instance": null,
        "key": undefined,
        "nodeType": "host",
        "props": Object {
          "alt": "NFL team",
          "src": "https://cdn.vox-cdn.com/thumbor/M5Gx-DCa9eRAqw_aqIyuG6I2wDo=/0x0:4777x3021/1200x800/filters:focal(2094x550:2858x1314)/cdn.vox-cdn.com/uploads/chorus_image/image/62274919/usa_today_11648254.0.jpg",
        },
        "ref": null,
        "rendered": null,
        "type": "img",
      },
      Object {
        "instance": null,
        "key": undefined,
        "nodeType": "host",
        "props": Object {
          "children": "Arizona Cardinals",
        },
        "ref": null,
        "rendered": "Arizona Cardinals",
        "type": "h2",
      },
      Object {
        "instance": null,
        "key": undefined,
        "nodeType": "host",
        "props": Object {
          "children": Array [
            "Glendale",
            ", ",
            "Arizona",
          ],
        },
        "ref": null,
        "rendered": Array [
          "Glendale",
          ", ",
          "Arizona",
        ],
        "type": "h2",
      },
      Object {
        "instance": null,
        "key": undefined,
        "nodeType": "host",
        "props": Object {
          "children": "NFC West",
        },
        "ref": null,
        "rendered": "NFC West",
        "type": "h2",
      },
      Object {
        "instance": null,
        "key": undefined,
        "nodeType": "host",
        "props": Object {
          "children": "Show City Info",
          "onClick": [Function],
        },
        "ref": null,
        "rendered": "Show City Info",
        "type": "button",
      },
    ],
    "type": "div",
  },
  Symbol(enzyme.__nodes__): Array [
    Object {
      "instance": null,
      "key": undefined,
      "nodeType": "host",
      "props": Object {
        "children": Array [
          <h1
            onClick={[MockFunction]}
          >
            Click here to return
          </h1>,
          <img
            alt="NFL team"
            src="https://cdn.vox-cdn.com/thumbor/M5Gx-DCa9eRAqw_aqIyuG6I2wDo=/0x0:4777x3021/1200x800/filters:focal(2094x550:2858x1314)/cdn.vox-cdn.com/uploads/chorus_image/image/62274919/usa_today_11648254.0.jpg"
          />,
          <h2>
            Arizona Cardinals
          </h2>,
          <h2>
            Glendale
            , 
            Arizona
          </h2>,
          <h2>
            NFC West
          </h2>,
          <button
            onClick={[Function]}
          >
            Show City Info
          </button>,
        ],
      },
      "ref": null,
      "rendered": Array [
        Object {
          "instance": null,
          "key": undefined,
          "nodeType": "host",
          "props": Object {
            "children": "Click here to return",
            "onClick": [MockFunction],
          },
          "ref": null,
          "rendered": "Click here to return",
          "type": "h1",
        },
        Object {
          "instance": null,
          "key": undefined,
          "nodeType": "host",
          "props": Object {
            "alt": "NFL team",
            "src": "https://cdn.vox-cdn.com/thumbor/M5Gx-DCa9eRAqw_aqIyuG6I2wDo=/0x0:4777x3021/1200x800/filters:focal(2094x550:2858x1314)/cdn.vox-cdn.com/uploads/chorus_image/image/62274919/usa_today_11648254.0.jpg",
          },
          "ref": null,
          "rendered": null,
          "type": "img",
        },
        Object {
          "instance": null,
          "key": undefined,
          "nodeType": "host",
          "props": Object {
            "children": "Arizona Cardinals",
          },
          "ref": null,
          "rendered": "Arizona Cardinals",
          "type": "h2",
        },
        Object {
          "instance": null,
          "key": undefined,
          "nodeType": "host",
          "props": Object {
            "children": Array [
              "Glendale",
              ", ",
              "Arizona",
            ],
          },
          "ref": null,
          "rendered": Array [
            "Glendale",
            ", ",
            "Arizona",
          ],
          "type": "h2",
        },
        Object {
          "instance": null,
          "key": undefined,
          "nodeType": "host",
          "props": Object {
            "children": "NFC West",
          },
          "ref": null,
          "rendered": "NFC West",
          "type": "h2",
        },
        Object {
          "instance": null,
          "key": undefined,
          "nodeType": "host",
          "props": Object {
            "children": "Show City Info",
            "onClick": [Function],
          },
          "ref": null,
          "rendered": "Show City Info",
          "type": "button",
        },
      ],
      "type": "div",
    },
  ],
  Symbol(enzyme.__options__): Object {
    "adapter": ReactSixteenAdapter {
      "options": Object {
        "enableComponentDidUpdateOnSetState": true,
        "lifecycles": Object {
          "componentDidUpdate": Object {
            "onSetState": true,
          },
          "getDerivedStateFromProps": true,
          "getSnapshotBeforeUpdate": true,
          "setState": Object {
            "skipsComponentDidUpdateOnNullish": true,
          },
        },
      },
    },
  },
}
`;
