// Jest Snapshot v1, https://goo.gl/fbAQLP

exports[`TeamIcon should match the snapshot with all data passed correctly to the Icon 1`] = `
ShallowWrapper {
  Symbol(enzyme.__root__): [Circular],
  Symbol(enzyme.__unrendered__): <TeamIcon
    index={0}
    nflTeam={
      Array [
        Object {
          "city": "Glendale",
          "division": "NFC West",
          "name": "Arizona Cardinals",
          "state": "Arizona",
          "team_icon": "http://assets.stickpng.com/thumbs/580b585b2edbce24c47b2aff.png",
          "team_img": "https://cdn.vox-cdn.com/thumbor/M5Gx-DCa9eRAqw_aqIyuG6I2wDo=/0x0:4777x3021/1200x800/filters:focal(2094x550:2858x1314)/cdn.vox-cdn.com/uploads/chorus_image/image/62274919/usa_today_11648254.0.jpg",
        },
      ]
    }
    toggleIconFunctions={[MockFunction]}
  />,
  Symbol(enzyme.__renderer__): Object {
    "batchedUpdates": [Function],
    "getNode": [Function],
    "render": [Function],
    "simulateError": [Function],
    "simulateEvent": [Function],
    "unmount": [Function],
  },
  Symbol(enzyme.__node__): Object {
    "instance": null,
    "key": undefined,
    "nodeType": "host",
    "props": Object {
      "children": Array [
        undefined,
        <img
          alt="team logo"
        />,
        <h2 />,
      ],
      "className": "icon",
      "onClick": [Function],
    },
    "ref": null,
    "rendered": Array [
      undefined,
      Object {
        "instance": null,
        "key": undefined,
        "nodeType": "host",
        "props": Object {
          "alt": "team logo",
          "src": undefined,
        },
        "ref": null,
        "rendered": null,
        "type": "img",
      },
      Object {
        "instance": null,
        "key": undefined,
        "nodeType": "host",
        "props": Object {
          "children": undefined,
        },
        "ref": null,
        "rendered": null,
        "type": "h2",
      },
    ],
    "type": "article",
  },
  Symbol(enzyme.__nodes__): Array [
    Object {
      "instance": null,
      "key": undefined,
      "nodeType": "host",
      "props": Object {
        "children": Array [
          undefined,
          <img
            alt="team logo"
          />,
          <h2 />,
        ],
        "className": "icon",
        "onClick": [Function],
      },
      "ref": null,
      "rendered": Array [
        undefined,
        Object {
          "instance": null,
          "key": undefined,
          "nodeType": "host",
          "props": Object {
            "alt": "team logo",
            "src": undefined,
          },
          "ref": null,
          "rendered": null,
          "type": "img",
        },
        Object {
          "instance": null,
          "key": undefined,
          "nodeType": "host",
          "props": Object {
            "children": undefined,
          },
          "ref": null,
          "rendered": null,
          "type": "h2",
        },
      ],
      "type": "article",
    },
  ],
  Symbol(enzyme.__options__): Object {
    "adapter": ReactSixteenAdapter {
      "options": Object {
        "enableComponentDidUpdateOnSetState": true,
        "lifecycles": Object {
          "componentDidUpdate": Object {
            "onSetState": true,
          },
          "getDerivedStateFromProps": true,
          "getSnapshotBeforeUpdate": true,
          "setState": Object {
            "skipsComponentDidUpdateOnNullish": true,
          },
        },
      },
    },
  },
}
`;
